---
source: hydroflow_plus/src/persist_pullup.rs
expression: built.ir()
---
[
    ForEach {
        f: { use crate :: __staged :: persist_pullup :: tests :: * ; | n | println ! ("{}" , n) },
        input: Tee {
            inner: RefCell {
                value: Map {
                    f: { use crate :: __staged :: persist_pullup :: tests :: * ; | v | v + 1 },
                    input: Persist(
                        Source {
                            source: Iter(
                                { use crate :: __staged :: persist_pullup :: tests :: * ; 0 .. 10 },
                            ),
                            location_id: 0,
                        },
                    ),
                },
            },
        },
    },
    ForEach {
        f: { use crate :: __staged :: persist_pullup :: tests :: * ; | n | println ! ("{}" , n) },
        input: Tee {
            inner: RefCell {
                value: Map {
                    f: { use crate :: __staged :: persist_pullup :: tests :: * ; | v | v + 1 },
                    input: Persist(
                        Source {
                            source: Iter(
                                { use crate :: __staged :: persist_pullup :: tests :: * ; 0 .. 10 },
                            ),
                            location_id: 0,
                        },
                    ),
                },
            },
        },
    },
]
