---
source: hydroflow_plus_test/src/first_ten.rs
expression: built.ir()
---
[
    ForEach {
        f: { use crate :: __staged :: first_ten :: * ; | n : SendOverNetwork | println ! ("{}" , n . n) },
        input: Network {
            to_location: 1,
            serialize_pipeline: Some(
                Operator(
                    Operator {
                        path: "map",
                        args: [
                            "| data | { hydroflow_plus :: runtime_support :: bincode :: serialize :: < hydroflow_plus_test :: first_ten :: SendOverNetwork > (& data) . unwrap () . into () }",
                        ],
                    },
                ),
            ),
            sink_expr: null,
            source_expr: null,
            deserialize_pipeline: Some(
                Operator(
                    Operator {
                        path: "map",
                        args: [
                            "| res | { hydroflow_plus :: runtime_support :: bincode :: deserialize :: < hydroflow_plus_test :: first_ten :: SendOverNetwork > (& res . unwrap ()) . unwrap () }",
                        ],
                    },
                ),
            ),
            input: Map {
                f: { use crate :: __staged :: first_ten :: * ; | n | SendOverNetwork { n } },
                input: Source {
                    source: Iter(
                        { use crate :: __staged :: first_ten :: * ; 0 .. 10 },
                    ),
                    location_id: 0,
                },
            },
        },
    },
]
