---
source: hydroflow_plus_test/src/cluster.rs
expression: ir.surface_syntax_string()
---
1v1 = spin ();
2v1 = flat_map ({ use hydroflow_plus :: __staged :: builder :: * ; let batch_size = { use crate :: __staged :: cluster :: * ; let batch_size = FAKE ; * batch_size } ; move | _ | 0 .. batch_size });
3v1 = map ({ use hydroflow_plus :: __staged :: builder :: * ; | _ | () });
4v1 = map ({ use crate :: __staged :: cluster :: * ; | _ | rand :: random :: < (f64 , f64) > () });
5v1 = map ({ use crate :: __staged :: cluster :: * ; | (x , y) | x * x + y * y < 1.0 });
6v1 = fold :: < 'tick > ({ use crate :: __staged :: cluster :: * ; | | (0u64 , 0u64) } , { use crate :: __staged :: cluster :: * ; | (inside , total) , sample_inside | { if sample_inside { * inside += 1 ; } * total += 1 ; } });
7v1 = map (| data | { hydroflow_plus :: runtime_support :: bincode :: serialize :: < (u64 , u64) > (& data) . unwrap () . into () });
8v1 = dest_sink ({ use hydroflow_plus_cli_integration :: __staged :: runtime :: * ; let port = "port_0" ; let self_cli = FAKE ; { self_cli . port (port) . connect_local_blocking :: < ConnectedDirect > () . into_sink () } });

1v1 -> 2v1;
2v1 -> 3v1;
3v1 -> 4v1;
4v1 -> 5v1;
5v1 -> 6v1;
7v1 -> 8v1;
6v1 -> 7v1;
